
> offline-pos-app@0.0.1 build
> vite build

[36mvite v4.5.14 [32mbuilding for production...[36m[39m
transforming...
Browserslist: browsers data (caniuse-lite) is 15 months old. Please run:
  npx update-browserslist-db@latest
  Why you should do it regularly: https://github.com/browserslist/update-db#readme
[32m✓[39m 437 modules transformed.
rendering chunks...
computing gzip size...
[2mdist/[22m[32mregisterSW.js                       [39m[1m[2m  0.14 kB[22m[1m[22m
[2mdist/[22m[32mmanifest.webmanifest                [39m[1m[2m  0.51 kB[22m[1m[22m
[2mdist/[22m[32mindex.html                          [39m[1m[2m  0.98 kB[22m[1m[22m[2m │ gzip:   0.49 kB[22m
[2mdist/[22m[35massets/index-0386cc9b.css           [39m[1m[2m 18.11 kB[22m[1m[22m[2m │ gzip:   3.95 kB[22m
[2mdist/[22m[36massets/generateReceipt-3ce11181.js  [39m[1m[2m 11.26 kB[22m[1m[22m[2m │ gzip:   2.03 kB[22m
[2mdist/[22m[36massets/purify.es-5b635869.js        [39m[1m[2m 21.86 kB[22m[1m[22m[2m │ gzip:   8.62 kB[22m
[2mdist/[22m[36massets/index.es-3da8161f.js         [39m[1m[2m150.03 kB[22m[1m[22m[2m │ gzip:  51.26 kB[22m
[2mdist/[22m[36massets/html2canvas.esm-e0a7d97b.js  [39m[1m[2m201.43 kB[22m[1m[22m[2m │ gzip:  48.04 kB[22m
[2mdist/[22m[36massets/index-386e9ab5.js            [39m[1m[33m738.10 kB[39m[22m[2m │ gzip: 238.26 kB[22m
[33m
(!) Some chunks are larger than 500 kBs after minification. Consider:
- Using dynamic import() to code-split the application
- Use build.rollupOptions.output.manualChunks to improve chunking: https://rollupjs.org/configuration-options/#output-manualchunks
- Adjust chunk size limit for this warning via build.chunkSizeWarningLimit.[39m

PWA v1.0.0
mode      generateSW
precache  9 entries (1116.19 KiB)
files generated
  dist/sw.js
  dist/workbox-5ffe50d4.js
[32m✓ built in 21.06s[39m
