[36mvite v4.5.14 [32mbuilding for production...[36m[39m
transforming...
Browserslist: browsers data (caniuse-lite) is 15 months old. Please run:
  npx update-browserslist-db@latest
  Why you should do it regularly: https://github.com/browserslist/update-db#readme
[32m✓[39m 437 modules transformed.
rendering chunks...
computing gzip size...
[2mdist/[22m[32mregisterSW.js                          [39m[1m[2m  0.14 kB[22m[1m[22m
[2mdist/[22m[32mmanifest.webmanifest                   [39m[1m[2m  0.51 kB[22m[1m[22m
[2mdist/[22m[32mindex.html                             [39m[1m[2m  1.31 kB[22m[1m[22m[2m │ gzip:   0.56 kB[22m
[2mdist/[22m[35massets/index-0386cc9b.css              [39m[1m[2m 18.11 kB[22m[1m[22m[2m │ gzip:   3.95 kB[22m
[2mdist/[22m[36massets/generateReceipt-1b30996f.js     [39m[1m[2m 11.33 kB[22m[1m[22m[2m │ gzip:   2.06 kB[22m
[2mdist/[22m[36massets/sanitize-vendor-5b635869.js     [39m[1m[2m 21.86 kB[22m[1m[22m[2m │ gzip:   8.62 kB[22m
[2mdist/[22m[36massets/index-29c0eabb.js               [39m[1m[2m 74.75 kB[22m[1m[22m[2m │ gzip:  18.75 kB[22m
[2mdist/[22m[36massets/db-vendor-1d84adf2.js           [39m[1m[2m109.04 kB[22m[1m[22m[2m │ gzip:  37.39 kB[22m
[2mdist/[22m[36massets/react-vendor-a92fdef1.js        [39m[1m[2m137.76 kB[22m[1m[22m[2m │ gzip:  44.05 kB[22m
[2mdist/[22m[36massets/html2canvas-vendor-e0a7d97b.js  [39m[1m[2m201.43 kB[22m[1m[22m[2m │ gzip:  48.04 kB[22m
[2mdist/[22m[36massets/vendor-fba97236.js              [39m[1m[2m215.64 kB[22m[1m[22m[2m │ gzip:  75.72 kB[22m
[2mdist/[22m[36massets/jspdf-vendor-26fe96e3.js        [39m[1m[2m348.65 kB[22m[1m[22m[2m │ gzip: 113.62 kB[22m

PWA v1.0.0
mode      generateSW
precache  12 entries (1114.34 KiB)
files generated
  dist/sw.js
  dist/workbox-5ffe50d4.js
[32m✓ built in 23.33s[39m
