[36mvite v4.5.14 [32mbuilding for production...[36m[39m
transforming...
Browserslist: browsers data (caniuse-lite) is 15 months old. Please run:
  npx update-browserslist-db@latest
  Why you should do it regularly: https://github.com/browserslist/update-db#readme
[32m✓[39m 437 modules transformed.
rendering chunks...
computing gzip size...
[2mdist/[22m[32mregisterSW.js                       [39m[1m[2m  0.14 kB[22m[1m[22m
[2mdist/[22m[32mmanifest.webmanifest                [39m[1m[2m  0.51 kB[22m[1m[22m
[2mdist/[22m[32mindex.html                          [39m[1m[2m  1.31 kB[22m[1m[22m[2m │ gzip:   0.56 kB[22m
[2mdist/[22m[35massets/index-0386cc9b.css           [39m[1m[2m 18.11 kB[22m[1m[22m[2m │ gzip:   3.95 kB[22m
[2mdist/[22m[36massets/generateReceipt-a5ca8945.js  [39m[1m[2m 11.33 kB[22m[1m[22m[2m │ gzip:   2.06 kB[22m
[2mdist/[22m[36massets/index-12d02754.js            [39m[1m[2m 74.75 kB[22m[1m[22m[2m │ gzip:  18.75 kB[22m
[2mdist/[22m[36massets/db-vendor-03cda309.js        [39m[1m[2m109.04 kB[22m[1m[22m[2m │ gzip:  37.39 kB[22m
[2mdist/[22m[36massets/react-vendor-b1f53383.js     [39m[1m[2m137.76 kB[22m[1m[22m[2m │ gzip:  44.05 kB[22m
[2mdist/[22m[36massets/vendor-2db8c9eb.js           [39m[1m[2m237.98 kB[22m[1m[22m[2m │ gzip:  84.35 kB[22m
[2mdist/[22m[36massets/print-vendor-0272f9a0.js     [39m[1m[33m550.94 kB[39m[22m[2m │ gzip: 161.78 kB[22m
[33m
(!) Some chunks are larger than 500 kBs after minification. Consider:
- Using dynamic import() to code-split the application
- Use build.rollupOptions.output.manualChunks to improve chunking: https://rollupjs.org/configuration-options/#output-manualchunks
- Adjust chunk size limit for this warning via build.chunkSizeWarningLimit.[39m

PWA v1.0.0
mode      generateSW
precache  10 entries (1115.64 KiB)
files generated
  dist/sw.js
  dist/workbox-5ffe50d4.js
[32m✓ built in 21.10s[39m
